// Jest Snapshot v1, https://goo.gl/fbAQLP

exports[`fromPandoc transforms a DefinitionList into a bullet_list 1`] = `
Array [
  Object {
    "children": Array [
      Object {
        "children": Array [
          Object {
            "children": Array [
              Object {
                "marks": Array [
                  Object {
                    "type": "strong",
                  },
                ],
                "text": "A term: ",
                "type": "text",
              },
              Object {
                "text": "Definition One",
                "type": "text",
              },
            ],
            "type": "paragraph",
          },
          Object {
            "children": Array [
              Object {
                "text": "Paragraph B",
                "type": "text",
              },
            ],
            "type": "paragraph",
          },
          Object {
            "children": Array [
              Object {
                "children": Array [
                  Object {
                    "text": "Inside Blockquote",
                    "type": "text",
                  },
                ],
                "type": "paragraph",
              },
            ],
            "type": "blockquote",
          },
          Object {
            "children": Array [
              Object {
                "text": "Paragraph D",
                "type": "text",
              },
            ],
            "type": "paragraph",
          },
        ],
        "type": "list_item",
      },
      Object {
        "children": Array [
          Object {
            "children": Array [
              Object {
                "marks": Array [
                  Object {
                    "type": "strong",
                  },
                ],
                "text": "Mercifully: ",
                "type": "text",
              },
              Object {
                "text": "simple.",
                "type": "text",
              },
            ],
            "type": "paragraph",
          },
        ],
        "type": "list_item",
      },
    ],
    "type": "bullet_list",
  },
]
`;
